// Jest Snapshot v1, https://goo.gl/fbAQLP

exports[`renders ElectionReadyPage 1`] = `
<div
  class="sc-dnqmqq kPSlCf"
>
  <main
    class="sc-bdVaJa iiFDUH"
  >
    <div
      class="sc-bwzfXH jAEsws"
    >
      <div
        class="sc-htpNat chxRAJ"
      >
        <h1>
          Election Ready
        </h1>
        <hr />
        <p>
          Election setup is complete. 
        </p>
      </div>
    </div>
  </main>
  <nav
    class="sc-EHOje fBTWjt"
  >
    <div
      class="sc-gzVnrw kHKzsD"
    >
      <p>
        <button
          aria-label="Election Complete"
          class="sc-gZMcBi krfVMT"
          id="election-complete"
          role="option"
          type="button"
        >
          Complete
        </button>
      </p>
    </div>
    <div
      class="sc-htoDjs hvwLaL"
    >
      <hr />
      <div
        aria-hidden="true"
        class="sc-jzJRlG kgKkYA"
        data-testid="election-info"
      >
        <div
          class="sc-cSHVUG iQiYGp"
        >
          <div
            aria-hidden="true"
            class="sc-VigVT gcsvdf"
          />
          <div
            class="sc-htpNat jFlhLj"
          >
            <h5
              aria-label=" General Election."
            >
               General Election
            </h5>
            <p
              class="sc-bxivhb hmqCgv"
            >
              November 3, 2020
              <br />
              <span
                class="sc-ifAKCX fbuId"
              >
                Franklin County
                ,
              </span>
               
              <span
                class="sc-ifAKCX fbuId"
              >
                State of Hamilton
              </span>
            </p>
            <p
              class="sc-bxivhb ieZDtb"
            >
               
            </p>
          </div>
        </div>
      </div>
      <hr />
      <img
        alt="Election Guard Logo"
        class="sc-kAzzGY jclFKz"
        src="/images/electionguard.svg"
      />
    </div>
  </nav>
</div>
`;
