// Jest Snapshot v1, https://goo.gl/fbAQLP

exports[`renders ElectionReadyPage 1`] = `
<main
  class="sc-htpNat eUEnuv"
>
  <div
    class="sc-bxivhb fEFIwD"
  >
    <div
      class="sc-ifAKCX cObZIz"
    >
      <h1>
        Election Ready
      </h1>
      <p>
        Election setup is complete. Please return to main menu.
      </p>
      <button
        aria-label="Return to Start"
        class="sc-bwzfXH kHZqpR"
        id="return-to-start"
        role="option"
        type="button"
      >
        Return
      </button>
    </div>
  </div>
</main>
`;
