// Jest Snapshot v1, https://goo.gl/fbAQLP

exports[`renders KeyDistributionPage 1`] = `
<div
  class="sc-bxivhb duQixI"
>
  <main
    class="sc-bdVaJa iiFDUH"
  >
    <div
      class="sc-bwzfXH cJzayE"
    >
      <div
        class="sc-htpNat feTyaj"
        id="audiofocus"
      >
        <div
          class="sc-kAzzGY leSgAS"
        >
          <h1>
            Distribute Keys
          </h1>
        </div>
      </div>
      <div
        class="sc-htpNat chxRAJ"
      >
        <p
          aria-label="Select unclaimed key to distribute"
        >
          <b>
            Select key to distribute 
          </b>
        </p>
        <div
          class="sc-kgoBCf hhFZrY"
        />
      </div>
    </div>
  </main>
  <nav
    class="sc-gZMcBi gyqVoq"
  >
    <div
      class="sc-VigVT JNuqd"
    >
      <p>
        <button
          class="sc-jzJRlG byCwxn"
          id="next"
          role="option"
          type="button"
        >
          Next
        </button>
      </p>
      <p>
        <button
          class="sc-jzJRlG fVHyVV"
          disabled=""
          id="back"
          role="option"
          type="button"
        >
          Back
        </button>
      </p>
    </div>
    <div
      class="sc-jTzLTM iBwhQj"
    >
      <hr />
      <div
        aria-hidden="true"
        class="sc-dnqmqq exjFso"
        data-testid="election-info"
      >
        <div
          class="sc-iwsKbI eyMKeV"
        >
          <div
            aria-hidden="true"
            class="sc-ifAKCX jpWdgG"
          />
          <div
            class="sc-htpNat jFlhLj"
          >
            <h5
              aria-label=" General Election."
            >
               General Election
            </h5>
            <p
              class="sc-bZQynM TVUTw"
            >
              November 3, 2020
              <br />
              <span
                class="sc-gzVnrw djKZhV"
              >
                Franklin County
                ,
              </span>
               
              <span
                class="sc-gzVnrw djKZhV"
              >
                State of Hamilton
              </span>
            </p>
            <p
              class="sc-bZQynM hVWfdn"
            >
               
            </p>
          </div>
        </div>
      </div>
      <hr />
      <img
        alt="Election Guard Logo"
        class="sc-chPdSV cFhLDJ"
        src="/images/electionguard.svg"
      />
    </div>
  </nav>
</div>
`;
