// Jest Snapshot v1, https://goo.gl/fbAQLP

exports[`can renders Layout 1`] = `
<div
  class="sc-bZQynM ebsnPk"
>
  <main
    class="sc-bdVaJa iiFDUH"
  >
    <div
      class="sc-bwzfXH jAEsws"
    >
      <div
        class="sc-gzVnrw fHLrSW"
      >
        <h1>
          Welcome to ElectionGuard
        </h1>
        <hr />
        <p>
          Election needs to be setup.
        </p>
      </div>
    </div>
  </main>
  <nav
    class="sc-iwsKbI kvOKDm"
  >
    <div
      class="sc-gqjmRU bVfeQ"
    >
      <p>
        <button
          aria-label="Select Setup to Setup Election"
          class="sc-bxivhb keqnh"
          id="setup"
          role="option"
          type="button"
        >
          Setup Election
        </button>
      </p>
      <p>
        <button
          aria-label="Select Tally to Tally Votes"
          class="sc-bxivhb bMafJo"
          disabled=""
          id="tally"
          role="option"
          type="button"
        >
          Tally Votes
        </button>
      </p>
    </div>
    <div
      class="sc-VigVT ikGdBU"
    >
      <hr />
      <div
        aria-hidden="true"
        class="sc-cSHVUG giBRGv"
        data-testid="election-info"
      >
        <div
          class="sc-kAzzGY kabILI"
        >
          <div
            aria-hidden="true"
            class="sc-jTzLTM lkyOpH"
          />
          <div
            class="sc-gzVnrw iFvqRs"
          >
            <h5
              aria-label=" General Election."
            >
               General Election
            </h5>
            <p
              class="sc-htoDjs eSUSoM"
            >
              November 3, 2020
              <br />
              <span
                class="sc-dnqmqq eOGBxr"
              >
                Franklin County
                ,
              </span>
               
              <span
                class="sc-dnqmqq eOGBxr"
              >
                State of Hamilton
              </span>
            </p>
            <p
              class="sc-htoDjs cYJBgC"
            >
               
            </p>
          </div>
        </div>
      </div>
      <hr />
      <img
        alt="Election Guard Logo"
        class="sc-gipzik kgRVGQ"
        src="/images/electionguard.svg"
      />
    </div>
  </nav>
</div>
`;
