// Jest Snapshot v1, https://goo.gl/fbAQLP

exports[`renders TallyPage 1`] = `
<div
  class="sc-bxivhb fOSwuN"
>
  <main
    class="sc-bdVaJa iiFDUH"
  >
    <div
      class="sc-bwzfXH jAEsws"
    >
      <div
        class="sc-htpNat chxRAJ"
      >
        <h1
          aria-hidden="true"
        >
          Insert Admin Drive
        </h1>
        <p>
          Insert designated ElectionGuard admin drive.
        </p>
      </div>
    </div>
  </main>
</div>
`;
